[www.craftrise.com.tr/index.html]
[www.craftrise.com.tr/css/all.css]
[www.craftrise.com.tr/css/bootstrap.min.css]
[www.craftrise.com.tr/css/pretty-checkbox.css]
[www.craftrise.com.tr/css/style.css]
[www.craftrise.com.tr/css/swiper.css]
[www.craftrise.com.tr/images/icons/favicon.png]
[backblue.gif]
[fade.gif]
[index.html]
[www.craftrise.com.tr/manifest.json]
[cdn.onesignal.com/sdks/OneSignalSDK.js]
[www.craftrise.com.tr/anasayfa.html]
[www.craftrise.com.tr/images/main/raccoonHead.png]
[www.craftrise.com.tr/market.html]
[external.html]
[www.craftrise.com.tr/kurallar.html]
[www.craftrise.com.tr/siralama.html]
[www.craftrise.com.tr/oyna.html]
[www.craftrise.com.tr/images/swiper/update1.png]
[www.craftrise.com.tr/images/swiper/update2.png]
[www.craftrise.com.tr/images/swiper/update3.png]
[www.craftrise.com.tr/images/news/a7a9eb3ca60d16651de0a10b899e1f69.jpg]
[www.craftrise.com.tr/haber/179.html]
[www.craftrise.com.tr/images/news/b2d461be4835988ed39268e8e0a3abf3.png]
[www.craftrise.com.tr/haber/178.html]
[www.craftrise.com.tr/images/news/94aa5794b01aa11af7cff7ca856dfaeb.jpg]
[www.craftrise.com.tr/haber/177.html]
[www.craftrise.com.tr/sayfa/1.html]
[www.craftrise.com.tr/sayfa/2.html]
[www.craftrise.com.tr/sayfa/3.html]
[www.craftrise.com.tr/images/icons/facebook.svg]
[www.craftrise.com.tr/images/icons/twitter.svg]
[www.craftrise.com.tr/images/icons/instagram.svg]
[www.craftrise.com.tr/images/icons/youtube.svg]
[www.craftrise.com.tr/images/icons/discord.svg]
[kit.fontawesome.com/d198486374.js]
[ajax.googleapis.com/ajax/libs/jquery/3.4.1/jquery.min.js]
[cdnjs.cloudflare.com/ajax/libs/popper.js/1.14.7/umd/popper.min.js]
[stackpath.bootstrapcdn.com/bootstrap/4.3.1/js/bootstrap.min.js]
[www.craftrise.com.tr/js/jquery.bootstrap-growl.js]
[www.craftrise.com.tr/js/swiper.min.js]
[www.craftrise.com.tr/js/rise.js]
[cdnjs.cloudflare.com/ajax/libs/three.js/95/three.min.js]
[www.craftrise.com.tr/js/example.js]
[ajax.cloudflare.com/cdn-cgi/scripts/7089c43e/cloudflare-static/rocket-loader.min.js]
[www.craftrise.com.tr/images/main/rakunFooter.png]
[www.craftrise.com.tr/tos.html]
[www.craftrise.com.tr/index.html]
[www.craftrise.com.tr/privacy.html]
[www.craftrise.com.tr/css/all.css]
[www.craftrise.com.tr/css/bootstrap.min.css]
[www.craftrise.com.tr/css/pretty-checkbox.css]
[www.craftrise.com.tr/css/util.css]
[www.craftrise.com.tr/css/buttons.css]
[www.craftrise.com.tr/css/normalize.css]
[www.craftrise.com.tr/css/fonts.css]
[www.craftrise.com.tr/css/animate.css]
[www.craftrise.com.tr/css/media.css]
[www.craftrise.com.tr/images/background/bg.svg]
[www.craftrise.com.tr/images/background/header.png]
[www.craftrise.com.tr/images/shop/shop2.jpg]
[www.craftrise.com.tr/images/icons/store-info.png]
[www.craftrise.com.tr/images/icons/store-tick1.png]
[www.craftrise.com.tr/images/icons/store-tick-has.png]
[www.craftrise.com.tr/css/style.css]
[www.craftrise.com.tr/css/swiper.css]
[www.craftrise.com.tr/anasayfa.html]
[www.craftrise.com.tr/specialcapes.html]
[www.craftrise.com.tr/ranks.html]
[www.craftrise.com.tr/skin.html]
[www.craftrise.com.tr/box.html]
[www.craftrise.com.tr/images/shop/skin.png]
[www.craftrise.com.tr/images/shop/rise.png]
[www.craftrise.com.tr/images/shop/vip.png]
[www.craftrise.com.tr/images/shop/mvip.png]
[www.craftrise.com.tr/oyuncu/Mekktile.html]
[www.craftrise.com.tr/gets/get-headf318.png]
[www.craftrise.com.tr/oyuncu/doguilkar100.html]
[www.craftrise.com.tr/gets/get-heade122.png]
[www.craftrise.com.tr/oyuncu/SeramikPasta.html]
[www.craftrise.com.tr/gets/get-head4983.png]
[www.craftrise.com.tr/oyuncu/ShinuSama.html]
[www.craftrise.com.tr/gets/get-heada02e.png]
[www.craftrise.com.tr/market.html]
[www.craftrise.com.tr/kurallar.html]
[www.craftrise.com.tr/siralama.html]
[www.craftrise.com.tr/launcher/CraftRise Launcher.exe]
[www.craftrise.com.tr/images/icons/windows.png]
[www.craftrise.com.tr/images/icons/mac.png]
[www.craftrise.com.tr/images/icons/linux.png]
[www.craftrise.com.tr/oyna.html]
[www.craftrise.com.tr/haber/179.html]
[www.craftrise.com.tr/haber/178.html]
[www.craftrise.com.tr/haber/177.html]
[www.craftrise.com.tr/sayfa/1.html]
[www.craftrise.com.tr/images/news/8514a3623513187c37ee10308ca7409f.jpg]
[www.craftrise.com.tr/haber/176.html]
[www.craftrise.com.tr/images/news/d088c271ee4a768cef8cd2b87a991cf9.png]
[www.craftrise.com.tr/haber/175.html]
[www.craftrise.com.tr/images/news/5250e5e37ec9ad55cc08876d965b07b6.jpg]
[www.craftrise.com.tr/haber/174.html]
[www.craftrise.com.tr/sayfa/2.html]
[www.craftrise.com.tr/images/news/newspecialcapesimage.gif]
[www.craftrise.com.tr/haber/173.html]
[www.craftrise.com.tr/haber/172.html]
[www.craftrise.com.tr/images/news/e55d71397922a03584db936de41b0f29.jpg]
[www.craftrise.com.tr/haber/170.html]
[www.craftrise.com.tr/sayfa/4.html]
[www.craftrise.com.tr/sayfa/3.html]
[www.craftrise.com.tr/images/icons/facebook.svg]
[www.craftrise.com.tr/images/icons/twitter.svg]
[www.craftrise.com.tr/images/icons/instagram.svg]
[www.craftrise.com.tr/images/icons/youtube.svg]
[www.craftrise.com.tr/images/icons/discord.svg]
[www.craftrise.com.tr/tos.html]
[www.craftrise.com.tr/privacy.html]
[www.craftrise.com.tr/css/util.css]
[www.craftrise.com.tr/css/buttons.css]
[www.craftrise.com.tr/css/normalize.css]
[www.craftrise.com.tr/css/fonts/SourceSansPro-Regular.woff]
[www.craftrise.com.tr/css/fonts/SourceSansPro-Bold.woff]
[www.craftrise.com.tr/css/fonts/SourceSansPro-Light.woff]
[www.craftrise.com.tr/css/fonts/SourceSansPro-ExtraLight.woff]
[www.craftrise.com.tr/css/fonts/CookieRun-Black.woff]
[www.craftrise.com.tr/css/fonts/CookieRun-Bold.woff]
[www.craftrise.com.tr/css/fonts/Gotham-Black.woff]
[www.craftrise.com.tr/css/fonts/Gotham-Bold.woff]
[www.craftrise.com.tr/css/fonts/CookieRun-Regular.woff]
[www.craftrise.com.tr/css/fonts/Gotham-Book.woff]
[www.craftrise.com.tr/css/fonts/Gotham-Light.woff]
[www.craftrise.com.tr/css/fonts/Gotham-LightItalic.woff]
[www.craftrise.com.tr/css/fonts/Gotham-Medium.woff]
[www.craftrise.com.tr/css/fonts/GothamRnd-Bold.woff]
[www.craftrise.com.tr/css/fonts/GothamRnd-Book.woff]
[www.craftrise.com.tr/css/fonts/GothamRnd-Light.woff]
[www.craftrise.com.tr/css/fonts/GothamRnd-Medium.woff]
[www.craftrise.com.tr/css/fonts/Gotham-Thin.woff]
[www.craftrise.com.tr/css/fonts/GothamNarrow-ThinItalic.woff]
[www.craftrise.com.tr/css/fonts/Gotham-Ultra.woff]
[www.craftrise.com.tr/css/fonts/GothamNarrow-Light.woff]
[www.craftrise.com.tr/css/fonts/GothamNarrow-Bold.woff]
[www.craftrise.com.tr/css/fonts/GothamNarrow-Black.woff]
[www.craftrise.com.tr/css/fonts/Mikado-Black.woff]
[www.craftrise.com.tr/css/fonts/Mikado-Black-Italic.woff]
[www.craftrise.com.tr/css/fonts/Mikado-Bold.woff]
[www.craftrise.com.tr/css/fonts/Mikado-Bold-Italic.woff]
[www.craftrise.com.tr/css/fonts/Mikado-Light.woff]
[www.craftrise.com.tr/css/fonts/Mikado-Light-Italic.woff]
[www.craftrise.com.tr/css/fonts/Mikado-Medium.woff]
[www.craftrise.com.tr/css/fonts/Mikado-Medium-Italic.woff]
[www.craftrise.com.tr/css/fonts/Mikado-Regular.woff]
[www.craftrise.com.tr/css/fonts/Mikado-Regular-Italic.woff]
[www.craftrise.com.tr/css/fonts/Mikado-Ultra.woff]
[www.craftrise.com.tr/css/fonts.css]
[www.craftrise.com.tr/css/animate.css]
[www.craftrise.com.tr/css/media.css]
[www.craftrise.com.tr/images/background/bg.svg]
[www.craftrise.com.tr/css/fonts/Mikado-Ultra-Italic.woff]
[www.craftrise.com.tr/images/icons/youtube.png]
[www.craftrise.com.tr/images/shop/cape_yagizlol.gif]
[www.craftrise.com.tr/images/shop/cape_alex.gif]
[www.craftrise.com.tr/images/shop/cape_raufai.gif]
[www.craftrise.com.tr/images/shop/cape_ghast.gif]
[www.craftrise.com.tr/images/shop/cape_raccoon.gif]
[www.craftrise.com.tr/images/shop/cape_anime.gif]
[www.craftrise.com.tr/images/shop/cape_steve.gif]
[www.craftrise.com.tr/images/shop/cape_enderman.gif]
[www.craftrise.com.tr/images/shop/cape_creeper.gif]
[www.craftrise.com.tr/oyuncu/CanarysS.html]
[www.craftrise.com.tr/gets/get-head0c93.png]
[www.craftrise.com.tr/oyuncu/XkillerX71.html]
[www.craftrise.com.tr/gets/get-head7ab2.png]
[www.craftrise.com.tr/specialcapes.html]
[www.craftrise.com.tr/images/shop/vip+.png]
[www.craftrise.com.tr/images/shop/mvip+.png]
[www.craftrise.com.tr/images/shop/rvip.png]
[www.craftrise.com.tr/images/shop/rvip+.png]
[www.craftrise.com.tr/ranks.html]
[www.craftrise.com.tr/images/shop/cape.png]
[www.craftrise.com.tr/images/shop/hat.png]
[www.craftrise.com.tr/images/shop/wing.png]
[www.craftrise.com.tr/images/shop/pet.png]
[www.craftrise.com.tr/skin.html]
[www.craftrise.com.tr/images/shop/mystery.png]
[www.craftrise.com.tr/images/shop/ender.png]
[www.craftrise.com.tr/images/shop/enchanted.png]
[www.craftrise.com.tr/box.html]
[www.craftrise.com.tr/images/games/bomblobbers.jpg]
[www.craftrise.com.tr/images/games/murder.jpg]
[www.craftrise.com.tr/images/games/skywars.jpg]
[www.craftrise.com.tr/images/games/thebridge.jpg]
[www.craftrise.com.tr/images/games/ultrahardcore.jpg]
[www.craftrise.com.tr/images/games/buildbattle.jpg]
[www.craftrise.com.tr/images/games/speedbuilders.jpg]
[www.craftrise.com.tr/images/games/tntrun.jpg]
[www.craftrise.com.tr/images/games/dragonescape.jpg]
[www.craftrise.com.tr/images/games/bedwars.jpg]
[www.craftrise.com.tr/images/games/survivalgames.jpg]
[www.craftrise.com.tr/images/games/uhcmeetup.jpg]
[www.craftrise.com.tr/images/games/herochamber.jpg]
[www.craftrise.com.tr/images/games/oitc.jpg]
[www.craftrise.com.tr/images/games/eggwars.jpg]
[www.craftrise.com.tr/images/games/turfwars.jpg]
[www.craftrise.com.tr/oyuncu/Mekktile.html]
[www.craftrise.com.tr/oyuncu/doguilkar100.html]
[www.craftrise.com.tr/oyuncu/SeramikPasta.html]
[www.craftrise.com.tr/oyuncu/ShinuSama.html]
[www.craftrise.com.tr/haber/176.html]
[www.craftrise.com.tr/haber/175.html]
[www.craftrise.com.tr/haber/174.html]
[www.craftrise.com.tr/haber/173.html]
[www.craftrise.com.tr/haber/172.html]
[www.craftrise.com.tr/haber/170.html]
[www.craftrise.com.tr/images/news/10f022999f316ab7e8aaaaabb2fc85fe.jpg]
[www.craftrise.com.tr/haber/169.html]
[www.craftrise.com.tr/images/news/2f22bd43b4ac9e6156be802f06d97c4d.png]
[www.craftrise.com.tr/haber/168.html]
[www.craftrise.com.tr/images/news/672d2c29cf56dd2ab4633994eeaa71d4.png]
[www.craftrise.com.tr/haber/167.html]
[www.craftrise.com.tr/sayfa/5.html]
[www.craftrise.com.tr/sayfa/4.html]
[www.craftrise.com.tr/oyuncu/CanarysS.html]
[www.craftrise.com.tr/oyuncu/XkillerX71.html]
[www.craftrise.com.tr/haber/169.html]
[www.craftrise.com.tr/haber/168.html]
[www.craftrise.com.tr/haber/167.html]
[www.craftrise.com.tr/images/news/0c0a3017abe79c3f9da5f9d782e88ce7.png]
[www.craftrise.com.tr/haber/166.html]
[www.craftrise.com.tr/images/news/88c114a1c431d5023dff8d16807b9790.png]
[www.craftrise.com.tr/haber/165.html]
[www.craftrise.com.tr/images/news/9c5af1142717019bb1613c313cb902f5.png]
[www.craftrise.com.tr/haber/164.html]
[www.craftrise.com.tr/sayfa/6.html]
[www.craftrise.com.tr/sayfa/5.html]
[www.craftrise.com.tr/haber/166.html]
[www.craftrise.com.tr/haber/165.html]
[www.craftrise.com.tr/haber/164.html]
[www.craftrise.com.tr/haber/163.html]
[www.craftrise.com.tr/images/news/90fc4c59f32a29fe8931b75465421364.jpg]
[www.craftrise.com.tr/haber/162.html]
[www.craftrise.com.tr/images/news/01abfe370572d3dab2794c0dbeafacc0.jpg]
[www.craftrise.com.tr/haber/161.html]
[www.craftrise.com.tr/sayfa/7.html]
[www.craftrise.com.tr/sayfa/6.html]
[www.craftrise.com.tr/haber/163.html]
[www.craftrise.com.tr/haber/162.html]
[www.craftrise.com.tr/haber/161.html]
[www.craftrise.com.tr/images/news/0e8b07cc3a599358e7430337cc865d16.jpg]
[www.craftrise.com.tr/haber/160.html]
[www.craftrise.com.tr/images/news/5ae0cf5e95175aa4099f47fa6850e1bd.png]
[www.craftrise.com.tr/haber/158.html]
[www.craftrise.com.tr/sayfa/8.html]
[www.craftrise.com.tr/sayfa/7.html]
[www.craftrise.com.tr/haber/160.html]
[www.craftrise.com.tr/haber/158.html]
[www.craftrise.com.tr/sayfa/8.html]
